main.c:163:6:HAL_UARTEx_RxEventCallback	16	static
main.c:190:5:main	8	static
main.c:299:6:SystemClock_Config	88	static
main.c:345:13:MX_TIM1_Init	48	static
main.c:412:13:MX_USART1_UART_Init	8	static
main.c:445:13:MX_USART2_UART_Init	8	static
main.c:478:13:MX_USART3_UART_Init	8	static
main.c:509:13:MX_DMA_Init	16	static
main.c:537:13:MX_GPIO_Init	56	static
main.c:609:6:StartLidarREAD	16	static
main.c:644:6:Start_TakeAction_Lidar	16	static
main.c:684:6:Start_Ultrasonic_Read	16	static
main.c:711:6:Start_GPS	24	static
main.c:803:6:StartTask06	200	static
main.c:908:6:Start_Rec_Transmit	16	static
main.c:983:6:HAL_TIM_PeriodElapsedCallback	16	static
main.c:1000:6:Error_Handler	4	static,ignoring_inline_asm
