stm32f4xx_it.c:81:6:NMI_Handler	4	static
stm32f4xx_it.c:96:6:HardFault_Handler	4	static
stm32f4xx_it.c:111:6:MemManage_Handler	4	static
stm32f4xx_it.c:126:6:BusFault_Handler	4	static
stm32f4xx_it.c:141:6:UsageFault_Handler	4	static
stm32f4xx_it.c:156:6:DebugMon_Handler	4	static
stm32f4xx_it.c:176:6:DMA1_Stream1_IRQHandler	8	static
stm32f4xx_it.c:190:6:DMA1_Stream3_IRQHandler	8	static
stm32f4xx_it.c:204:6:DMA1_Stream5_IRQHandler	8	static
stm32f4xx_it.c:218:6:TIM1_CC_IRQHandler	8	static
stm32f4xx_it.c:232:6:USART1_IRQHandler	24	static
stm32f4xx_it.c:263:6:USART2_IRQHandler	8	static
stm32f4xx_it.c:277:6:USART3_IRQHandler	8	static
stm32f4xx_it.c:291:6:TIM6_DAC_IRQHandler	8	static
stm32f4xx_it.c:305:6:DMA2_Stream2_IRQHandler	8	static
